INFO:     Will watch for changes in these directories: ['/app/backend']
INFO:     Uvicorn running on http://127.0.0.1:8000 (Press CTRL+C to quit)
INFO:     Started reloader process [57417] using WatchFiles
INFO:     Started server process [57535]
INFO:     Waiting for application startup.
INFO:     Application startup complete.
2026-07-27 00:22:43,403 INFO sqlalchemy.engine.Engine SELECT DATABASE()
2026-07-27 00:22:43,403 INFO sqlalchemy.engine.Engine [raw sql] ()
2026-07-27 00:22:43,405 INFO sqlalchemy.engine.Engine SELECT @@sql_mode
2026-07-27 00:22:43,405 INFO sqlalchemy.engine.Engine [raw sql] ()
2026-07-27 00:22:43,406 INFO sqlalchemy.engine.Engine SELECT @@lower_case_table_names
2026-07-27 00:22:43,406 INFO sqlalchemy.engine.Engine [raw sql] ()
2026-07-27 00:22:43,407 INFO sqlalchemy.engine.Engine BEGIN (implicit)
2026-07-27 00:22:43,418 INFO sqlalchemy.engine.Engine SELECT users.id, users.email, users.hashed_password
FROM users
WHERE users.email = %s
2026-07-27 00:22:43,419 INFO sqlalchemy.engine.Engine [generated in 0.00050s] ('test@example.com',)
2026-07-27 00:22:43,763 INFO sqlalchemy.engine.Engine INSERT INTO users (email, hashed_password) VALUES (%s, %s)
2026-07-27 00:22:43,763 INFO sqlalchemy.engine.Engine [generated in 0.00042s] ('test@example.com', '$2b$12$toIRY.mFuChO110qWHrN.e0OLwQciut7d4VQeSBJErghHvD7AXoLC')
2026-07-27 00:22:43,765 INFO sqlalchemy.engine.Engine COMMIT
2026-07-27 00:22:43,771 INFO sqlalchemy.engine.Engine BEGIN (implicit)
2026-07-27 00:22:43,773 INFO sqlalchemy.engine.Engine SELECT users.id, users.email, users.hashed_password
FROM users
WHERE users.id = %s
2026-07-27 00:22:43,773 INFO sqlalchemy.engine.Engine [generated in 0.00027s] (1,)
2026-07-27 00:22:43,776 INFO sqlalchemy.engine.Engine ROLLBACK
INFO:     127.0.0.1:39912 - "POST /api/v1/signup HTTP/1.1" 201 Created
2026-07-27 00:23:04,332 INFO sqlalchemy.engine.Engine BEGIN (implicit)
2026-07-27 00:23:04,332 INFO sqlalchemy.engine.Engine SELECT users.id, users.email, users.hashed_password
FROM users
WHERE users.email = %s
2026-07-27 00:23:04,332 INFO sqlalchemy.engine.Engine [cached since 20.91s ago] ('test@example.com',)
2026-07-27 00:23:04,645 INFO sqlalchemy.engine.Engine ROLLBACK
INFO:     127.0.0.1:39892 - "POST /api/v1/login HTTP/1.1" 200 OK
2026-07-27 00:35:35,354 INFO sqlalchemy.engine.Engine BEGIN (implicit)
2026-07-27 00:35:35,355 INFO sqlalchemy.engine.Engine SELECT users.id, users.email, users.hashed_password
FROM users
WHERE users.email = %s
2026-07-27 00:35:35,355 INFO sqlalchemy.engine.Engine [cached since 771.9s ago] ('e2e_1785112535@example.com',)
2026-07-27 00:35:35,664 INFO sqlalchemy.engine.Engine INSERT INTO users (email, hashed_password) VALUES (%s, %s)
2026-07-27 00:35:35,664 INFO sqlalchemy.engine.Engine [cached since 771.9s ago] ('e2e_1785112535@example.com', '$2b$12$qnj7.z.A/zp7UzQNYwj5p.vxi73GKjLEDtx6I642PFPETLdfCPvT.')
2026-07-27 00:35:35,666 INFO sqlalchemy.engine.Engine COMMIT
2026-07-27 00:35:35,672 INFO sqlalchemy.engine.Engine BEGIN (implicit)
2026-07-27 00:35:35,672 INFO sqlalchemy.engine.Engine SELECT users.id, users.email, users.hashed_password
FROM users
WHERE users.id = %s
2026-07-27 00:35:35,672 INFO sqlalchemy.engine.Engine [cached since 771.9s ago] (2,)
2026-07-27 00:35:35,674 INFO sqlalchemy.engine.Engine ROLLBACK
INFO:     127.0.0.1:32826 - "POST /api/v1/signup HTTP/1.1" 201 Created
2026-07-27 00:35:35,681 INFO sqlalchemy.engine.Engine BEGIN (implicit)
2026-07-27 00:35:35,681 INFO sqlalchemy.engine.Engine SELECT users.id, users.email, users.hashed_password
FROM users
WHERE users.email = %s
2026-07-27 00:35:35,682 INFO sqlalchemy.engine.Engine [cached since 772.3s ago] ('e2e_1785112535@example.com',)
2026-07-27 00:35:35,989 INFO sqlalchemy.engine.Engine ROLLBACK
INFO:     127.0.0.1:32828 - "POST /api/v1/login HTTP/1.1" 200 OK
2026-07-27 00:35:35,995 INFO sqlalchemy.engine.Engine BEGIN (implicit)
2026-07-27 00:35:35,996 INFO sqlalchemy.engine.Engine SELECT users.id, users.email, users.hashed_password
FROM users
WHERE users.email = %s
2026-07-27 00:35:35,996 INFO sqlalchemy.engine.Engine [cached since 772.6s ago] ('e2e_1785112535@example.com',)
2026-07-27 00:35:35,998 INFO sqlalchemy.engine.Engine ROLLBACK
INFO:     127.0.0.1:32836 - "GET /api/v1/me HTTP/1.1" 200 OK
INFO:     127.0.0.1:32840 - "POST /api/v1/wishlist HTTP/1.1" 307 Temporary Redirect
2026-07-27 00:35:36,004 INFO sqlalchemy.engine.Engine BEGIN (implicit)
2026-07-27 00:35:36,005 INFO sqlalchemy.engine.Engine SELECT users.id, users.email, users.hashed_password
FROM users
WHERE users.email = %s
2026-07-27 00:35:36,005 INFO sqlalchemy.engine.Engine [cached since 772.6s ago] ('e2e_1785112535@example.com',)
2026-07-27 00:35:36,008 INFO sqlalchemy.engine.Engine INSERT INTO future_plans (user_id, item_name, estimated_cost, notes) VALUES (%s, %s, %s, %s)
2026-07-27 00:35:36,008 INFO sqlalchemy.engine.Engine [generated in 0.00027s] (2, 'New Laptop', 150000.0, None)
2026-07-27 00:35:36,009 INFO sqlalchemy.engine.Engine COMMIT
2026-07-27 00:35:36,013 INFO sqlalchemy.engine.Engine BEGIN (implicit)
2026-07-27 00:35:36,015 INFO sqlalchemy.engine.Engine SELECT future_plans.id, future_plans.user_id, future_plans.item_name, future_plans.estimated_cost, future_plans.notes
FROM future_plans
WHERE future_plans.id = %s
2026-07-27 00:35:36,015 INFO sqlalchemy.engine.Engine [generated in 0.00029s] (1,)
2026-07-27 00:35:36,017 INFO sqlalchemy.engine.Engine ROLLBACK
INFO:     127.0.0.1:32840 - "POST /api/v1/wishlist/ HTTP/1.1" 201 Created
INFO:     127.0.0.1:32856 - "GET /api/v1/wishlist HTTP/1.1" 307 Temporary Redirect
2026-07-27 00:35:36,024 INFO sqlalchemy.engine.Engine BEGIN (implicit)
2026-07-27 00:35:36,024 INFO sqlalchemy.engine.Engine SELECT users.id, users.email, users.hashed_password
FROM users
WHERE users.email = %s
2026-07-27 00:35:36,024 INFO sqlalchemy.engine.Engine [cached since 772.6s ago] ('e2e_1785112535@example.com',)
2026-07-27 00:35:36,026 INFO sqlalchemy.engine.Engine SELECT future_plans.id, future_plans.user_id, future_plans.item_name, future_plans.estimated_cost, future_plans.notes
FROM future_plans
WHERE future_plans.user_id = %s
2026-07-27 00:35:36,026 INFO sqlalchemy.engine.Engine [generated in 0.00029s] (2,)
2026-07-27 00:35:36,028 INFO sqlalchemy.engine.Engine ROLLBACK
INFO:     127.0.0.1:32856 - "GET /api/v1/wishlist/ HTTP/1.1" 200 OK
2026-07-27 00:35:36,033 INFO sqlalchemy.engine.Engine BEGIN (implicit)
2026-07-27 00:35:36,033 INFO sqlalchemy.engine.Engine SELECT users.id, users.email, users.hashed_password
FROM users
WHERE users.email = %s
2026-07-27 00:35:36,033 INFO sqlalchemy.engine.Engine [cached since 772.6s ago] ('e2e_1785112535@example.com',)
2026-07-27 00:35:36,035 INFO sqlalchemy.engine.Engine SELECT future_plans.id, future_plans.user_id, future_plans.item_name, future_plans.estimated_cost, future_plans.notes
FROM future_plans
WHERE future_plans.id = %s AND future_plans.user_id = %s
2026-07-27 00:35:36,035 INFO sqlalchemy.engine.Engine [generated in 0.00027s] (1, 2)
2026-07-27 00:35:36,038 INFO sqlalchemy.engine.Engine DELETE FROM future_plans WHERE future_plans.id = %s
2026-07-27 00:35:36,038 INFO sqlalchemy.engine.Engine [generated in 0.00023s] (1,)
2026-07-27 00:35:36,039 INFO sqlalchemy.engine.Engine COMMIT
INFO:     127.0.0.1:32872 - "DELETE /api/v1/wishlist/1 HTTP/1.1" 204 No Content
INFO:     127.0.0.1:32878 - "GET /api/v1/wishlist HTTP/1.1" 307 Temporary Redirect
2026-07-27 00:35:36,049 INFO sqlalchemy.engine.Engine BEGIN (implicit)
2026-07-27 00:35:36,050 INFO sqlalchemy.engine.Engine SELECT users.id, users.email, users.hashed_password
FROM users
WHERE users.email = %s
2026-07-27 00:35:36,050 INFO sqlalchemy.engine.Engine [cached since 772.6s ago] ('e2e_1785112535@example.com',)
2026-07-27 00:35:36,051 INFO sqlalchemy.engine.Engine SELECT future_plans.id, future_plans.user_id, future_plans.item_name, future_plans.estimated_cost, future_plans.notes
FROM future_plans
WHERE future_plans.user_id = %s
2026-07-27 00:35:36,051 INFO sqlalchemy.engine.Engine [cached since 0.02506s ago] (2,)
2026-07-27 00:35:36,052 INFO sqlalchemy.engine.Engine ROLLBACK
INFO:     127.0.0.1:32878 - "GET /api/v1/wishlist/ HTTP/1.1" 200 OK
2026-07-27 00:35:36,057 INFO sqlalchemy.engine.Engine BEGIN (implicit)
2026-07-27 00:35:36,057 INFO sqlalchemy.engine.Engine SELECT users.id, users.email, users.hashed_password
FROM users
WHERE users.email = %s
2026-07-27 00:35:36,057 INFO sqlalchemy.engine.Engine [cached since 772.6s ago] ('e2e_1785112535@example.com',)
2026-07-27 00:35:36,063 INFO sqlalchemy.engine.Engine SELECT transactions.category, sum(transactions.amount) AS total
FROM transactions
WHERE transactions.user_id = %s AND transactions.type = %s AND transactions.date >= %s GROUP BY transactions.category ORDER BY total DESC
2026-07-27 00:35:36,063 INFO sqlalchemy.engine.Engine [generated in 0.00030s] (2, 'DEBIT', datetime.date(2026, 6, 27))
2026-07-27 00:35:36,065 INFO sqlalchemy.engine.Engine ROLLBACK
INFO:     127.0.0.1:32884 - "GET /api/v1/analytics/spending-by-category HTTP/1.1" 200 OK
2026-07-27 00:35:36,069 INFO sqlalchemy.engine.Engine BEGIN (implicit)
2026-07-27 00:35:36,070 INFO sqlalchemy.engine.Engine SELECT users.id, users.email, users.hashed_password
FROM users
WHERE users.email = %s
2026-07-27 00:35:36,070 INFO sqlalchemy.engine.Engine [cached since 772.7s ago] ('e2e_1785112535@example.com',)
2026-07-27 00:35:36,072 INFO sqlalchemy.engine.Engine SELECT sum(transactions.amount) AS sum_1
FROM transactions
WHERE transactions.user_id = %s AND transactions.type = %s AND transactions.date >= %s
2026-07-27 00:35:36,072 INFO sqlalchemy.engine.Engine [generated in 0.00024s] (2, 'CREDIT', datetime.date(2026, 1, 27))
2026-07-27 00:35:36,073 INFO sqlalchemy.engine.Engine ROLLBACK
INFO:     127.0.0.1:32886 - "GET /api/v1/analytics/savings-calculator?target_amount=300000&months_to_save=3 HTTP/1.1" 200 OK
2026-07-27 00:35:36,078 INFO sqlalchemy.engine.Engine BEGIN (implicit)
2026-07-27 00:35:36,078 INFO sqlalchemy.engine.Engine SELECT users.id, users.email, users.hashed_password
FROM users
WHERE users.email = %s
2026-07-27 00:35:36,078 INFO sqlalchemy.engine.Engine [cached since 772.7s ago] ('e2e_1785112535@example.com',)
2026-07-27 00:35:36,081 INFO sqlalchemy.engine.Engine SELECT transactions.id, transactions.user_id, transactions.date, transactions.description, transactions.amount, transactions.type, transactions.category
FROM transactions
WHERE transactions.user_id = %s ORDER BY transactions.date DESC
2026-07-27 00:35:36,081 INFO sqlalchemy.engine.Engine [generated in 0.00024s] (2,)
2026-07-27 00:35:36,082 INFO sqlalchemy.engine.Engine ROLLBACK
INFO:     127.0.0.1:32900 - "GET /api/v1/export/csv HTTP/1.1" 200 OK
2026-07-27 00:35:36,087 INFO sqlalchemy.engine.Engine BEGIN (implicit)
2026-07-27 00:35:36,087 INFO sqlalchemy.engine.Engine SELECT users.id, users.email, users.hashed_password
FROM users
WHERE users.email = %s
2026-07-27 00:35:36,087 INFO sqlalchemy.engine.Engine [cached since 772.7s ago] ('e2e_1785112535@example.com',)
2026-07-27 00:35:36,089 INFO sqlalchemy.engine.Engine SELECT transactions.id, transactions.user_id, transactions.date, transactions.description, transactions.amount, transactions.type, transactions.category
FROM transactions
WHERE transactions.user_id = %s ORDER BY transactions.date DESC
2026-07-27 00:35:36,089 INFO sqlalchemy.engine.Engine [cached since 0.008595s ago] (2,)
2026-07-27 00:35:36,101 INFO sqlalchemy.engine.Engine ROLLBACK
INFO:     127.0.0.1:32914 - "GET /api/v1/export/xlsx HTTP/1.1" 200 OK
WARNING:  WatchFiles detected changes in 'tests/test_integration.py'. Reloading...
INFO:     Shutting down
INFO:     Waiting for application shutdown.
INFO:     Application shutdown complete.
INFO:     Finished server process [57535]
INFO:     Started server process [111870]
INFO:     Waiting for application startup.
INFO:     Application startup complete.
WARNING:  WatchFiles detected changes in 'tests/test_integration.py'. Reloading...
INFO:     Shutting down
INFO:     Waiting for application shutdown.
INFO:     Application shutdown complete.
INFO:     Finished server process [111870]
INFO:     Started server process [119754]
INFO:     Waiting for application startup.
INFO:     Application startup complete.
INFO:     127.0.0.1:41086 - "OPTIONS /api/v1/signup HTTP/1.1" 200 OK
2026-07-27 00:41:18,204 INFO sqlalchemy.engine.Engine SELECT DATABASE()
2026-07-27 00:41:18,204 INFO sqlalchemy.engine.Engine [raw sql] ()
2026-07-27 00:41:18,205 INFO sqlalchemy.engine.Engine SELECT @@sql_mode
2026-07-27 00:41:18,206 INFO sqlalchemy.engine.Engine [raw sql] ()
2026-07-27 00:41:18,206 INFO sqlalchemy.engine.Engine SELECT @@lower_case_table_names
2026-07-27 00:41:18,206 INFO sqlalchemy.engine.Engine [raw sql] ()
2026-07-27 00:41:18,208 INFO sqlalchemy.engine.Engine BEGIN (implicit)
2026-07-27 00:41:18,219 INFO sqlalchemy.engine.Engine SELECT users.id, users.email, users.hashed_password
FROM users
WHERE users.email = %s
2026-07-27 00:41:18,219 INFO sqlalchemy.engine.Engine [generated in 0.00032s] ('testuser_e2e_2@example.com',)
2026-07-27 00:41:18,558 INFO sqlalchemy.engine.Engine INSERT INTO users (email, hashed_password) VALUES (%s, %s)
2026-07-27 00:41:18,558 INFO sqlalchemy.engine.Engine [generated in 0.00039s] ('testuser_e2e_2@example.com', '$2b$12$XjbVel3HrvpSO9C/rLjQZugO05RYFluk6U1XxRwz/wPzkgCtsYU.G')
2026-07-27 00:41:18,560 INFO sqlalchemy.engine.Engine COMMIT
2026-07-27 00:41:18,565 INFO sqlalchemy.engine.Engine BEGIN (implicit)
2026-07-27 00:41:18,567 INFO sqlalchemy.engine.Engine SELECT users.id, users.email, users.hashed_password
FROM users
WHERE users.id = %s
2026-07-27 00:41:18,567 INFO sqlalchemy.engine.Engine [generated in 0.00030s] (3,)
2026-07-27 00:41:18,569 INFO sqlalchemy.engine.Engine ROLLBACK
INFO:     127.0.0.1:41088 - "POST /api/v1/signup HTTP/1.1" 201 Created
2026-07-27 00:41:20,227 INFO sqlalchemy.engine.Engine BEGIN (implicit)
2026-07-27 00:41:20,228 INFO sqlalchemy.engine.Engine SELECT users.id, users.email, users.hashed_password
FROM users
WHERE users.email = %s
2026-07-27 00:41:20,228 INFO sqlalchemy.engine.Engine [cached since 2.009s ago] ('testuser_e2e_2@example.com',)
2026-07-27 00:41:20,539 INFO sqlalchemy.engine.Engine ROLLBACK
INFO:     127.0.0.1:41088 - "POST /api/v1/login HTTP/1.1" 200 OK
INFO:     127.0.0.1:41086 - "OPTIONS /api/v1/me HTTP/1.1" 200 OK
2026-07-27 00:41:20,570 INFO sqlalchemy.engine.Engine BEGIN (implicit)
2026-07-27 00:41:20,571 INFO sqlalchemy.engine.Engine SELECT users.id, users.email, users.hashed_password
FROM users
WHERE users.email = %s
2026-07-27 00:41:20,571 INFO sqlalchemy.engine.Engine [cached since 2.353s ago] ('testuser_e2e_2@example.com',)
2026-07-27 00:41:20,573 INFO sqlalchemy.engine.Engine ROLLBACK
INFO:     127.0.0.1:41088 - "GET /api/v1/me HTTP/1.1" 200 OK
INFO:     127.0.0.1:41086 - "OPTIONS /api/v1/analytics/spending-by-category?months=1 HTTP/1.1" 200 OK
INFO:     127.0.0.1:41300 - "OPTIONS /api/v1/analytics/savings-calculator?target_amount=300000&months_to_save=3 HTTP/1.1" 200 OK
INFO:     127.0.0.1:41316 - "OPTIONS /api/v1/analytics/spending-by-category?months=1 HTTP/1.1" 200 OK
2026-07-27 00:41:21,742 INFO sqlalchemy.engine.Engine BEGIN (implicit)
2026-07-27 00:41:21,743 INFO sqlalchemy.engine.Engine SELECT users.id, users.email, users.hashed_password
FROM users
WHERE users.email = %s
2026-07-27 00:41:21,743 INFO sqlalchemy.engine.Engine [cached since 3.524s ago] ('testuser_e2e_2@example.com',)
2026-07-27 00:41:21,749 INFO sqlalchemy.engine.Engine SELECT transactions.category, sum(transactions.amount) AS total
FROM transactions
WHERE transactions.user_id = %s AND transactions.type = %s AND transactions.date >= %s GROUP BY transactions.category ORDER BY total DESC
2026-07-27 00:41:21,749 INFO sqlalchemy.engine.Engine [generated in 0.00064s] (3, 'DEBIT', datetime.date(2026, 6, 27))
INFO:     127.0.0.1:41318 - "OPTIONS /api/v1/analytics/savings-calculator?target_amount=300000&months_to_save=3 HTTP/1.1" 200 OK
2026-07-27 00:41:21,752 INFO sqlalchemy.engine.Engine ROLLBACK
INFO:     127.0.0.1:41088 - "GET /api/v1/analytics/spending-by-category?months=1 HTTP/1.1" 200 OK
2026-07-27 00:41:21,759 INFO sqlalchemy.engine.Engine BEGIN (implicit)
2026-07-27 00:41:21,762 INFO sqlalchemy.engine.Engine SELECT users.id, users.email, users.hashed_password
FROM users
WHERE users.email = %s
2026-07-27 00:41:21,762 INFO sqlalchemy.engine.Engine [cached since 3.544s ago] ('testuser_e2e_2@example.com',)
2026-07-27 00:41:21,766 INFO sqlalchemy.engine.Engine SELECT sum(transactions.amount) AS sum_1
FROM transactions
WHERE transactions.user_id = %s AND transactions.type = %s AND transactions.date >= %s
2026-07-27 00:41:21,766 INFO sqlalchemy.engine.Engine [generated in 0.00034s] (3, 'CREDIT', datetime.date(2026, 1, 27))
2026-07-27 00:41:21,769 INFO sqlalchemy.engine.Engine ROLLBACK
INFO:     127.0.0.1:41322 - "GET /api/v1/analytics/savings-calculator?target_amount=300000&months_to_save=3 HTTP/1.1" 200 OK
2026-07-27 00:41:21,772 INFO sqlalchemy.engine.Engine BEGIN (implicit)
2026-07-27 00:41:21,772 INFO sqlalchemy.engine.Engine SELECT users.id, users.email, users.hashed_password
FROM users
WHERE users.email = %s
2026-07-27 00:41:21,772 INFO sqlalchemy.engine.Engine [cached since 3.554s ago] ('testuser_e2e_2@example.com',)
2026-07-27 00:41:21,774 INFO sqlalchemy.engine.Engine BEGIN (implicit)
2026-07-27 00:41:21,775 INFO sqlalchemy.engine.Engine SELECT users.id, users.email, users.hashed_password
FROM users
WHERE users.email = %s
2026-07-27 00:41:21,775 INFO sqlalchemy.engine.Engine [cached since 3.556s ago] ('testuser_e2e_2@example.com',)
2026-07-27 00:41:21,777 INFO sqlalchemy.engine.Engine SELECT transactions.category, sum(transactions.amount) AS total
FROM transactions
WHERE transactions.user_id = %s AND transactions.type = %s AND transactions.date >= %s GROUP BY transactions.category ORDER BY total DESC
2026-07-27 00:41:21,777 INFO sqlalchemy.engine.Engine [cached since 0.02832s ago] (3, 'DEBIT', datetime.date(2026, 6, 27))
2026-07-27 00:41:21,779 INFO sqlalchemy.engine.Engine SELECT sum(transactions.amount) AS sum_1
FROM transactions
WHERE transactions.user_id = %s AND transactions.type = %s AND transactions.date >= %s
2026-07-27 00:41:21,779 INFO sqlalchemy.engine.Engine [cached since 0.01289s ago] (3, 'CREDIT', datetime.date(2026, 1, 27))
2026-07-27 00:41:21,779 INFO sqlalchemy.engine.Engine ROLLBACK
2026-07-27 00:41:21,780 INFO sqlalchemy.engine.Engine ROLLBACK
INFO:     127.0.0.1:41324 - "GET /api/v1/analytics/spending-by-category?months=1 HTTP/1.1" 200 OK
INFO:     127.0.0.1:41088 - "GET /api/v1/analytics/savings-calculator?target_amount=300000&months_to_save=3 HTTP/1.1" 200 OK
INFO:     127.0.0.1:41318 - "OPTIONS /api/v1/wishlist HTTP/1.1" 200 OK
INFO:     127.0.0.1:41316 - "OPTIONS /api/v1/wishlist HTTP/1.1" 200 OK
INFO:     127.0.0.1:41088 - "GET /api/v1/wishlist HTTP/1.1" 307 Temporary Redirect
INFO:     127.0.0.1:41088 - "GET /api/v1/wishlist HTTP/1.1" 307 Temporary Redirect
INFO:     127.0.0.1:41316 - "OPTIONS /api/v1/wishlist/ HTTP/1.1" 200 OK
INFO:     127.0.0.1:41318 - "OPTIONS /api/v1/wishlist/ HTTP/1.1" 200 OK
2026-07-27 00:41:24,399 INFO sqlalchemy.engine.Engine BEGIN (implicit)
2026-07-27 00:41:24,399 INFO sqlalchemy.engine.Engine SELECT users.id, users.email, users.hashed_password
FROM users
WHERE users.email = %s
2026-07-27 00:41:24,399 INFO sqlalchemy.engine.Engine [cached since 6.18s ago] ('testuser_e2e_2@example.com',)
2026-07-27 00:41:24,402 INFO sqlalchemy.engine.Engine SELECT future_plans.id, future_plans.user_id, future_plans.item_name, future_plans.estimated_cost, future_plans.notes
FROM future_plans
WHERE future_plans.user_id = %s
2026-07-27 00:41:24,402 INFO sqlalchemy.engine.Engine [generated in 0.00026s] (3,)
2026-07-27 00:41:24,404 INFO sqlalchemy.engine.Engine ROLLBACK
INFO:     127.0.0.1:41088 - "GET /api/v1/wishlist/ HTTP/1.1" 200 OK
2026-07-27 00:41:24,407 INFO sqlalchemy.engine.Engine BEGIN (implicit)
2026-07-27 00:41:24,407 INFO sqlalchemy.engine.Engine SELECT users.id, users.email, users.hashed_password
FROM users
WHERE users.email = %s
2026-07-27 00:41:24,407 INFO sqlalchemy.engine.Engine [cached since 6.189s ago] ('testuser_e2e_2@example.com',)
2026-07-27 00:41:24,409 INFO sqlalchemy.engine.Engine SELECT future_plans.id, future_plans.user_id, future_plans.item_name, future_plans.estimated_cost, future_plans.notes
FROM future_plans
WHERE future_plans.user_id = %s
2026-07-27 00:41:24,409 INFO sqlalchemy.engine.Engine [cached since 0.007122s ago] (3,)
2026-07-27 00:41:24,412 INFO sqlalchemy.engine.Engine ROLLBACK
INFO:     127.0.0.1:41324 - "GET /api/v1/wishlist/ HTTP/1.1" 200 OK
INFO:     127.0.0.1:41318 - "OPTIONS /api/v1/wishlist HTTP/1.1" 200 OK
INFO:     127.0.0.1:41324 - "POST /api/v1/wishlist HTTP/1.1" 307 Temporary Redirect
INFO:     127.0.0.1:41318 - "OPTIONS /api/v1/wishlist/ HTTP/1.1" 200 OK
2026-07-27 00:41:25,030 INFO sqlalchemy.engine.Engine BEGIN (implicit)
2026-07-27 00:41:25,030 INFO sqlalchemy.engine.Engine SELECT users.id, users.email, users.hashed_password
FROM users
WHERE users.email = %s
2026-07-27 00:41:25,030 INFO sqlalchemy.engine.Engine [cached since 6.812s ago] ('testuser_e2e_2@example.com',)
2026-07-27 00:41:25,033 INFO sqlalchemy.engine.Engine INSERT INTO future_plans (user_id, item_name, estimated_cost, notes) VALUES (%s, %s, %s, %s)
2026-07-27 00:41:25,033 INFO sqlalchemy.engine.Engine [generated in 0.00028s] (3, 'New Phone', 50000.0, '')
2026-07-27 00:41:25,035 INFO sqlalchemy.engine.Engine COMMIT
2026-07-27 00:41:25,039 INFO sqlalchemy.engine.Engine BEGIN (implicit)
2026-07-27 00:41:25,041 INFO sqlalchemy.engine.Engine SELECT future_plans.id, future_plans.user_id, future_plans.item_name, future_plans.estimated_cost, future_plans.notes
FROM future_plans
WHERE future_plans.id = %s
2026-07-27 00:41:25,041 INFO sqlalchemy.engine.Engine [generated in 0.00044s] (2,)
2026-07-27 00:41:25,042 INFO sqlalchemy.engine.Engine ROLLBACK
INFO:     127.0.0.1:41324 - "POST /api/v1/wishlist/ HTTP/1.1" 201 Created
INFO:     127.0.0.1:41324 - "GET /api/v1/wishlist HTTP/1.1" 307 Temporary Redirect
2026-07-27 00:41:25,055 INFO sqlalchemy.engine.Engine BEGIN (implicit)
2026-07-27 00:41:25,056 INFO sqlalchemy.engine.Engine SELECT users.id, users.email, users.hashed_password
FROM users
WHERE users.email = %s
2026-07-27 00:41:25,056 INFO sqlalchemy.engine.Engine [cached since 6.837s ago] ('testuser_e2e_2@example.com',)
2026-07-27 00:41:25,058 INFO sqlalchemy.engine.Engine SELECT future_plans.id, future_plans.user_id, future_plans.item_name, future_plans.estimated_cost, future_plans.notes
FROM future_plans
WHERE future_plans.user_id = %s
2026-07-27 00:41:25,058 INFO sqlalchemy.engine.Engine [cached since 0.6559s ago] (3,)
2026-07-27 00:41:25,059 INFO sqlalchemy.engine.Engine ROLLBACK
INFO:     127.0.0.1:41324 - "GET /api/v1/wishlist/ HTTP/1.1" 200 OK
